Archive member included because of file (symbol)

c:/program files (x86)/atmel/atmel toolchain/avr32 gcc/native/3.4.1057/avr32-gnu-toolchain/bin/../lib/gcc/avr32/4.4.7/../../../../avr32/lib/ucr2\libc.a(lib_a-memcpy.o)
                              src/ASF/avr32/drivers/flashc/flashc.o (memcpy)
c:/program files (x86)/atmel/atmel toolchain/avr32 gcc/native/3.4.1057/avr32-gnu-toolchain/bin/../lib/gcc/avr32/4.4.7/../../../../avr32/lib/ucr2\libc.a(lib_a-vsprintf.o)
                              src/ASF/avr32/components/display/dip204/dip204.o (vsprintf)
c:/program files (x86)/atmel/atmel toolchain/avr32 gcc/native/3.4.1057/avr32-gnu-toolchain/bin/../lib/gcc/avr32/4.4.7/../../../../avr32/lib/ucr2\libc.a(lib_a-impure.o)
                              c:/program files (x86)/atmel/atmel toolchain/avr32 gcc/native/3.4.1057/avr32-gnu-toolchain/bin/../lib/gcc/avr32/4.4.7/../../../../avr32/lib/ucr2\libc.a(lib_a-vsprintf.o) (_impure_ptr)
c:/program files (x86)/atmel/atmel toolchain/avr32 gcc/native/3.4.1057/avr32-gnu-toolchain/bin/../lib/gcc/avr32/4.4.7/../../../../avr32/lib/ucr2\libc.a(lib_a-vfprintf.o)
                              c:/program files (x86)/atmel/atmel toolchain/avr32 gcc/native/3.4.1057/avr32-gnu-toolchain/bin/../lib/gcc/avr32/4.4.7/../../../../avr32/lib/ucr2\libc.a(lib_a-vsprintf.o) (_vfprintf_r)
c:/program files (x86)/atmel/atmel toolchain/avr32 gcc/native/3.4.1057/avr32-gnu-toolchain/bin/../lib/gcc/avr32/4.4.7/../../../../avr32/lib/ucr2\libc.a(lib_a-wsetup.o)
                              c:/program files (x86)/atmel/atmel toolchain/avr32 gcc/native/3.4.1057/avr32-gnu-toolchain/bin/../lib/gcc/avr32/4.4.7/../../../../avr32/lib/ucr2\libc.a(lib_a-vfprintf.o) (__swsetup_r)
c:/program files (x86)/atmel/atmel toolchain/avr32 gcc/native/3.4.1057/avr32-gnu-toolchain/bin/../lib/gcc/avr32/4.4.7/../../../../avr32/lib/ucr2\libc.a(lib_a-dtoa.o)
                              c:/program files (x86)/atmel/atmel toolchain/avr32 gcc/native/3.4.1057/avr32-gnu-toolchain/bin/../lib/gcc/avr32/4.4.7/../../../../avr32/lib/ucr2\libc.a(lib_a-vfprintf.o) (_dtoa_r)
c:/program files (x86)/atmel/atmel toolchain/avr32 gcc/native/3.4.1057/avr32-gnu-toolchain/bin/../lib/gcc/avr32/4.4.7/../../../../avr32/lib/ucr2\libc.a(lib_a-fflush.o)
                              c:/program files (x86)/atmel/atmel toolchain/avr32 gcc/native/3.4.1057/avr32-gnu-toolchain/bin/../lib/gcc/avr32/4.4.7/../../../../avr32/lib/ucr2\libc.a(lib_a-vfprintf.o) (_fflush_r)
c:/program files (x86)/atmel/atmel toolchain/avr32 gcc/native/3.4.1057/avr32-gnu-toolchain/bin/../lib/gcc/avr32/4.4.7/../../../../avr32/lib/ucr2\libc.a(lib_a-findfp.o)
                              c:/program files (x86)/atmel/atmel toolchain/avr32 gcc/native/3.4.1057/avr32-gnu-toolchain/bin/../lib/gcc/avr32/4.4.7/../../../../avr32/lib/ucr2\libc.a(lib_a-vfprintf.o) (__sinit)
c:/program files (x86)/atmel/atmel toolchain/avr32 gcc/native/3.4.1057/avr32-gnu-toolchain/bin/../lib/gcc/avr32/4.4.7/../../../../avr32/lib/ucr2\libc.a(lib_a-freer.o)
                              c:/program files (x86)/atmel/atmel toolchain/avr32 gcc/native/3.4.1057/avr32-gnu-toolchain/bin/../lib/gcc/avr32/4.4.7/../../../../avr32/lib/ucr2\libc.a(lib_a-wsetup.o) (_free_r)
c:/program files (x86)/atmel/atmel toolchain/avr32 gcc/native/3.4.1057/avr32-gnu-toolchain/bin/../lib/gcc/avr32/4.4.7/../../../../avr32/lib/ucr2\libc.a(lib_a-fvwrite.o)
                              c:/program files (x86)/atmel/atmel toolchain/avr32 gcc/native/3.4.1057/avr32-gnu-toolchain/bin/../lib/gcc/avr32/4.4.7/../../../../avr32/lib/ucr2\libc.a(lib_a-vfprintf.o) (__sfvwrite_r)
c:/program files (x86)/atmel/atmel toolchain/avr32 gcc/native/3.4.1057/avr32-gnu-toolchain/bin/../lib/gcc/avr32/4.4.7/../../../../avr32/lib/ucr2\libc.a(lib_a-fwalk.o)
                              c:/program files (x86)/atmel/atmel toolchain/avr32 gcc/native/3.4.1057/avr32-gnu-toolchain/bin/../lib/gcc/avr32/4.4.7/../../../../avr32/lib/ucr2\libc.a(lib_a-fflush.o) (_fwalk_reent)
c:/program files (x86)/atmel/atmel toolchain/avr32 gcc/native/3.4.1057/avr32-gnu-toolchain/bin/../lib/gcc/avr32/4.4.7/../../../../avr32/lib/ucr2\libc.a(lib_a-locale.o)
                              c:/program files (x86)/atmel/atmel toolchain/avr32 gcc/native/3.4.1057/avr32-gnu-toolchain/bin/../lib/gcc/avr32/4.4.7/../../../../avr32/lib/ucr2\libc.a(lib_a-vfprintf.o) (_localeconv_r)
c:/program files (x86)/atmel/atmel toolchain/avr32 gcc/native/3.4.1057/avr32-gnu-toolchain/bin/../lib/gcc/avr32/4.4.7/../../../../avr32/lib/ucr2\libc.a(lib_a-makebuf.o)
                              c:/program files (x86)/atmel/atmel toolchain/avr32 gcc/native/3.4.1057/avr32-gnu-toolchain/bin/../lib/gcc/avr32/4.4.7/../../../../avr32/lib/ucr2\libc.a(lib_a-wsetup.o) (__smakebuf_r)
c:/program files (x86)/atmel/atmel toolchain/avr32 gcc/native/3.4.1057/avr32-gnu-toolchain/bin/../lib/gcc/avr32/4.4.7/../../../../avr32/lib/ucr2\libc.a(lib_a-malloc.o)
[...]
Memory Configuration

Name             Origin             Length             Attributes
FLASH            0x80000000         0x00080000         axrl !w
INTRAM           0x00000004         0x0000fffc         axw !rl
USERPAGE         0x80800000         0x00000200
*default*        0x00000000         0xffffffff

Linker script and memory map

                0x00001000                _stack_size = 0x1000
LOAD src/ASF/avr32/boards/evk1100/led.o
LOAD src/ASF/avr32/components/display/dip204/dip204.o
LOAD src/ASF/avr32/drivers/flashc/flashc.o
LOAD src/ASF/avr32/drivers/gpio/gpio.o
LOAD src/ASF/avr32/drivers/intc/exception.o
LOAD src/ASF/avr32/drivers/intc/intc.o
LOAD src/ASF/avr32/drivers/pm/pm.o
LOAD src/ASF/avr32/drivers/pm/pm_conf_clocks.o
LOAD src/ASF/avr32/drivers/pm/power_clocks_lib.o
LOAD src/ASF/avr32/drivers/pwm/pwm.o
LOAD src/ASF/avr32/drivers/spi/spi.o
LOAD src/ASF/avr32/utils/startup/startup_uc3.o
LOAD src/ASF/avr32/utils/startup/trampoline_uc3.o
LOAD src/ASF/common/services/clock/uc3a0_a1/sysclk.o
LOAD src/dip204_example.o
START GROUP
LOAD c:/program files (x86)/atmel/atmel toolchain/avr32 gcc/native/3.4.1057/avr32-gnu-toolchain/bin/../lib/gcc/avr32/4.4.7/../../../../avr32/lib/ucr2\libm.a
END GROUP
LOAD c:/program files (x86)/atmel/atmel toolchain/avr32 gcc/native/3.4.1057/avr32-gnu-toolchain/bin/../lib/gcc/avr32/4.4.7/ucr2\libgcc.a
LOAD c:/program files (x86)/atmel/atmel toolchain/avr32 gcc/native/3.4.1057/avr32-gnu-toolchain/bin/../lib/gcc/avr32/4.4.7/../../../../avr32/lib/ucr2\libc.a
LOAD c:/program files (x86)/atmel/atmel toolchain/avr32 gcc/native/3.4.1057/avr32-gnu-toolchain/bin/../lib/gcc/avr32/4.4.7/ucr2\libgcc.a
                0xffffffff                __max_heap_size__ = 0xffffffff
                [0xffffffff]                __heap_size__ = DEFINED (__heap_size__)?__heap_size__:__max_heap_size__
                [0x00001000]                __stack_size__ = DEFINED (__stack_size__)?__stack_size__:0x1000
                0x80000000                PROVIDE (__executable_start, 0x80000000)
                0x80000000                . = 0x80000000

.interp
 *(.interp)

.reset          0x80000000     0x2008
 *(.reset)
 .reset         0x80000000        0x4 src/ASF/avr32/utils/startup/startup_uc3.o
                                  0x8 (size before relaxing)
                0x80000000                _start
 .reset         0x80000004     0x2004 src/ASF/avr32/utils/startup/trampoline_uc3.o
                               0x2008 (size before relaxing)
                0x80000004                _trampoline

.hash
 *(.hash)

.dynsym
 *(.dynsym)

.dynstr
 *(.dynstr)

.gnu.version
 *(.gnu.version)

.gnu.version_d
 *(.gnu.version_d)

.gnu.version_r
 *(.gnu.version_r)

.rel.init
 *(.rel.init)

.rela.init
 *(.rela.init)

.rel.text
 *(.rel.text .rel.text.* .rel.gnu.linkonce.t.*)

.rela.text
 *(.rela.text .rela.text.* .rela.gnu.linkonce.t.*)

.rel.fini
 *(.rel.fini)

.rela.fini
 *(.rela.fini)

.rel.rodata
 *(.rel.rodata .rel.rodata.* .rel.gnu.linkonce.r.*)

.rela.rodata
 *(.rela.rodata .rela.rodata.* .rela.gnu.linkonce.r.*)

.rel.data.rel.ro
 *(.rel.data.rel.ro*)

.rela.data.rel.ro
 *(.rel.data.rel.ro*)

.rel.data
 *(.rel.data .rel.data.* .rel.gnu.linkonce.d.*)

.rela.data
 *(.rela.data .rela.data.* .rela.gnu.linkonce.d.*)

.rel.tdata
 *(.rel.tdata .rel.tdata.* .rel.gnu.linkonce.td.*)

.rela.tdata
 *(.rela.tdata .rela.tdata.* .rela.gnu.linkonce.td.*)

.rel.tbss
 *(.rel.tbss .rel.tbss.* .rel.gnu.linkonce.tb.*)

.rela.tbss
 *(.rela.tbss .rela.tbss.* .rela.gnu.linkonce.tb.*)

.rel.ctors
 *(.rel.ctors)

.rela.ctors
 *(.rela.ctors)

.rel.dtors
 *(.rel.dtors)

.rela.dtors
 *(.rela.dtors)

.rel.got
 *(.rel.got)

.rela.got       0x80002008        0x0
 *(.rela.got)
 .rela.got      0x80002008        0x0 src/ASF/avr32/drivers/flashc/flashc.o

.rel.bss
 *(.rel.bss .rel.bss.* .rel.gnu.linkonce.b.*)

.rela.bss
 *(.rela.bss .rela.bss.* .rela.gnu.linkonce.b.*)

.rel.plt
 *(.rel.plt)

.rela.plt
 *(.rela.plt)

.init
 *(.init)

.plt
 *(.plt)

.text           0x80002008      0xe90
 *(.text .stub .text.* .gnu.linkonce.t.*)
 .text.dip204_select
                0x80002008       0x14 src/ASF/avr32/components/display/dip204/dip204.o
 .text.dip204_write_byte
                0x8000201c       0x58 src/ASF/avr32/components/display/dip204/dip204.o
 .text.dip204_read_byte
                0x80002074       0x3c src/ASF/avr32/components/display/dip204/dip204.o
 .text.dip204_wait_busy
                0x800020b0       0x34 src/ASF/avr32/components/display/dip204/dip204.o
 .text.dip204_unselect
                0x800020e4       0x14 src/ASF/avr32/components/display/dip204/dip204.o
 .text.dip204_write_string
                0x800020f8       0x58 src/ASF/avr32/components/display/dip204/dip204.o
                0x800020f8                dip204_write_string
 .text.dip204_set_cursor_position
                0x80002150       0x5c src/ASF/avr32/components/display/dip204/dip204.o
                0x80002150                dip204_set_cursor_position
 .text.dip204_write_data
                0x800021ac       0x34 src/ASF/avr32/components/display/dip204/dip204.o
                0x800021ac                dip204_write_data
 .text.dip204_hide_cursor
                0x800021e0       0x30 src/ASF/avr32/components/display/dip204/dip204.o
                0x800021e0                dip204_hide_cursor
 .text.dip204_set_backlight
                0x80002210       0x8c src/ASF/avr32/components/display/dip204/dip204.o
                0x80002210                dip204_set_backlight
 .text.dip204_init
                0x8000229c      0x228 src/ASF/avr32/components/display/dip204/dip204.o
                0x8000229c                dip204_init
 .text.gpio_enable_module_pin
                0x800024c4       0x52 src/ASF/avr32/drivers/gpio/gpio.o
                0x800024c4                gpio_enable_module_pin
 *fill*         0x80002516        0x2 d703d703
 .text.gpio_enable_module
                0x80002518       0x30 src/ASF/avr32/drivers/gpio/gpio.o
                0x80002518                gpio_enable_module
 .text.gpio_set_gpio_pin
                0x80002548       0x1c src/ASF/avr32/drivers/gpio/gpio.o
                0x80002548                gpio_set_gpio_pin
 .text.gpio_clr_gpio_pin
                0x80002564       0x1c src/ASF/avr32/drivers/gpio/gpio.o
                0x80002564                gpio_clr_gpio_pin
 .text.gpio_enable_pin_interrupt
                0x80002580       0x46 src/ASF/avr32/drivers/gpio/gpio.o
                0x80002580                gpio_enable_pin_interrupt
 .text.gpio_get_pin_interrupt_flag
                0x800025c6       0x18 src/ASF/avr32/drivers/gpio/gpio.o
                0x800025c6                gpio_get_pin_interrupt_flag
 .text.gpio_clear_pin_interrupt_flag
                0x800025de       0x16 src/ASF/avr32/drivers/gpio/gpio.o
                0x800025de                gpio_clear_pin_interrupt_flag
 .text._unhandled_interrupt
                0x800025f4        0x2 src/ASF/avr32/drivers/intc/intc.o
 *fill*         0x800025f6        0x2 d703d703
 .text.INTC_register_interrupt
                0x800025f8       0x80 src/ASF/avr32/drivers/intc/intc.o
                0x800025f8                INTC_register_interrupt
 .text.INTC_init_interrupts
                0x80002678       0x54 src/ASF/avr32/drivers/intc/intc.o
                0x80002678                INTC_init_interrupts
 .text._get_interrupt_handler
                0x800026cc       0x38 src/ASF/avr32/drivers/intc/intc.o
                0x800026cc                _get_interrupt_handler
 .text.pm_set_osc0_mode
                0x80002704        0xa src/ASF/avr32/drivers/pm/pm.o
 *fill*         0x8000270e        0x2 d703d703
 .text.pm_enable_osc0_crystal
                0x80002710       0x3c src/ASF/avr32/drivers/pm/pm.o
                0x80002710                pm_enable_osc0_crystal
 .text.pm_enable_clk0_no_wait
                0x8000274c       0x10 src/ASF/avr32/drivers/pm/pm.o
                0x8000274c                pm_enable_clk0_no_wait
 .text.pm_wait_for_clk0_ready
                0x8000275c        0xa src/ASF/avr32/drivers/pm/pm.o
                0x8000275c                pm_wait_for_clk0_ready
 *fill*         0x80002766        0x2 d703d703
 .text.pm_enable_clk0
                0x80002768       0x1c src/ASF/avr32/drivers/pm/pm.o
                0x80002768                pm_enable_clk0
 .text.pm_switch_to_clock
                0x80002784        0xa src/ASF/avr32/drivers/pm/pm.o
                0x80002784                pm_switch_to_clock
 *fill*         0x8000278e        0x2 d703d703
 .text.pm_switch_to_osc0
                0x80002790       0x2c src/ASF/avr32/drivers/pm/pm.o
                0x80002790                pm_switch_to_osc0
 .text.pwm_channel_init
                0x800027bc       0x36 src/ASF/avr32/drivers/pwm/pwm.o
                0x800027bc                pwm_channel_init
 .text.pwm_start_channels
                0x800027f2       0x12 src/ASF/avr32/drivers/pwm/pwm.o
                0x800027f2                pwm_start_channels
 .text.pwm_sync_update_channel
                0x80002804       0x38 src/ASF/avr32/drivers/pwm/pwm.o
                0x80002804                pwm_sync_update_channel
 .text.pwm_init
                0x8000283c       0x46 src/ASF/avr32/drivers/pwm/pwm.o
                0x8000283c                pwm_init
 .text.getBaudDiv
                0x80002882       0x20 src/ASF/avr32/drivers/spi/spi.o
                0x80002882                getBaudDiv
 .text.spi_initMaster
                0x800028a2       0x38 src/ASF/avr32/drivers/spi/spi.o
                0x800028a2                spi_initMaster
 .text.spi_selectionMode
                0x800028da       0x2c src/ASF/avr32/drivers/spi/spi.o
                0x800028da                spi_selectionMode
 .text.spi_selectChip
                0x80002906       0x4c src/ASF/avr32/drivers/spi/spi.o
                0x80002906                spi_selectChip
 .text.spi_unselectChip
                0x80002952       0x26 src/ASF/avr32/drivers/spi/spi.o
                0x80002952                spi_unselectChip
 .text.spi_setupChipReg
                0x80002978       0xb8 src/ASF/avr32/drivers/spi/spi.o
                0x80002978                spi_setupChipReg
 .text.spi_enable
                0x80002a30        0x6 src/ASF/avr32/drivers/spi/spi.o
                0x80002a30                spi_enable
 .text.spi_write
                0x80002a36       0x1c src/ASF/avr32/drivers/spi/spi.o
                0x80002a36                spi_write
 .text.spi_read
                0x80002a52       0x20 src/ASF/avr32/drivers/spi/spi.o
                0x80002a52                spi_read
 *fill*         0x80002a72        0x2 d703d703
 .text._stext   0x80002a74       0x3c src/ASF/avr32/utils/startup/startup_uc3.o
                                 0x50 (size before relaxing)
                0x80002a74                _stext
 .text.dip204_example_configure_joystick_IT
                0x80002ab0       0x74 src/dip204_example.o
                0x80002ab0                dip204_example_configure_joystick_IT
 .text.dip204_example_configure_push_buttons_IT
                0x80002b24       0x50 src/dip204_example.o
                0x80002b24                dip204_example_configure_push_buttons_IT
 .text.main     0x80002b74      0x190 src/dip204_example.o
                0x80002b74                main
 .text.dip204_example_Joy_int_handler
                0x80002d04       0xe4 src/dip204_example.o
 .text.dip204_example_PB_int_handler
                0x80002de8       0xb0 src/dip204_example.o
 *(.text.*personality*)
 *(.gnu.warning)

.exception      0x80003000      0x200
 .exception     0x80003000      0x200 src/ASF/avr32/drivers/intc/exception.o
                0x80003000                _evba
                0x80003104                _int0
                0x80003112                _int1
                0x80003120                _int2
                0x8000312e                _int3

.fini
 *(.fini)
                0x80003200                PROVIDE (__etext, .)
                0x80003200                PROVIDE (_etext, .)
                0x80003200                PROVIDE (etext, .)

.rodata         0x80003200      0x124
 *(.rodata .rodata.* .gnu.linkonce.r.*)
 .rodata._int_handler_table
                0x80003200       0xa0 src/ASF/avr32/drivers/intc/intc.o
 .rodata.DIP204_SPI_GPIO_MAP.11576
                0x800032a0       0x20 src/dip204_example.o
 .rodata.str1.4
                0x800032c0       0x54 src/dip204_example.o
 .rodata.C.61.11579
                0x80003314       0x10 src/dip204_example.o

.rodata1
 *(.rodata1)

.eh_frame_hdr
 *(.eh_frame_hdr)

.eh_frame
 *(.eh_frame)

.gcc_except_table
 *(.gcc_except_table)
 *(.gcc_except_table.*)

.lalign         0x80003324        0x4
                0x80003328                . = ALIGN (0x8)
 *fill*         0x80003324        0x4 
                0x80003328                PROVIDE (_data_lma, .)
                0x00000004                . = ORIGIN (INTRAM)

.dalign         0x00000004        0x4
                0x00000008                . = ALIGN (0x8)
 *fill*         0x00000004        0x4 
                0x00000008                PROVIDE (_data, .)

.eh_frame
 *(.eh_frame)

.gcc_except_table
 *(.gcc_except_table)
 *(.gcc_except_table.*)

.tdata
 *(.tdata .tdata.* .gnu.linkonce.td.*)

.tbss
 *(.tbss .tbss.* .gnu.linkonce.tb.*)
 *(.tcommon)
                0x00000008                PROVIDE (__preinit_array_start, ALIGN (0x4))

.preinit_array
 *(.preinit_array)
                0x00000008                PROVIDE (__preinit_array_end, .)
                0x00000008                PROVIDE (__init_array_start, .)

.init_array
 *(.init_array)
                0x00000008                PROVIDE (__init_array_end, .)
                0x00000008                PROVIDE (__fini_array_start, .)

.fini_array
 *(.fini_array)
                0x00000008                PROVIDE (__fini_array_end, .)

.ctors
 *crtbegin*.o(.ctors)
 *(EXCLUDE_FILE(*crtend*.o) .ctors)
 *(SORT(.ctors.*))
 *(.ctors)

.dtors
 *crtbegin*.o(.dtors)
 *(EXCLUDE_FILE(*crtend*.o) .dtors)
 *(SORT(.dtors.*))
 *(.dtors)

.jcr
 *(.jcr)

.data.rel.ro
 *(.data.rel.ro.local)
 *(.data.rel.ro*)

.dynamic
 *(.dynamic)

.got
 *(.got.plt)
 *(.got)

.ramtext
 *(.ramtext .ramtext.*)

.ddalign        0x00000008        0x0 load address 0x80003328
                0x00000008                . = ALIGN (0x8)

.data           0x00000008        0x4 load address 0x80003328
 *(.data .data.* .gnu.linkonce.d.*)
 .data.channel_id
                0x00000008        0x4 src/ASF/avr32/components/display/dip204/dip204.o
 *(.gnu.linkonce.d.*personality*)

.data1
 *(.data1)

.balign         0x0000000c        0x4 load address 0x8000332c
                0x00000010                . = ALIGN (0x8)
 *fill*         0x0000000c        0x4 
                0x00000010                PROVIDE (_edata, .)
                0x00000010                PROVIDE (edata, .)
                0x00000010                __bss_start = .

.bss            0x00000010      0x118
 *(.dynbss)
 *(.bss .bss.* .gnu.linkonce.b.*)
 .bss.pwm_channel
                0x00000010       0x20 src/ASF/avr32/components/display/dip204/dip204.o
 .bss.pwm_duty  0x00000030        0x2 src/ASF/avr32/components/display/dip204/dip204.o
 *fill*         0x00000032        0x2 
 .bss._int_line_handler_table_6
                0x00000034        0x4 src/ASF/avr32/drivers/intc/intc.o
 .bss._int_line_handler_table_7
                0x00000038        0x4 src/ASF/avr32/drivers/intc/intc.o
 .bss._int_line_handler_table_8
                0x0000003c        0x4 src/ASF/avr32/drivers/intc/intc.o
 .bss._int_line_handler_table_9
                0x00000040        0x4 src/ASF/avr32/drivers/intc/intc.o
 .bss._int_line_handler_table_10
                0x00000044        0x4 src/ASF/avr32/drivers/intc/intc.o
 .bss._int_line_handler_table_11
                0x00000048        0x4 src/ASF/avr32/drivers/intc/intc.o
 .bss._int_line_handler_table_12
                0x0000004c        0x4 src/ASF/avr32/drivers/intc/intc.o
 .bss._int_line_handler_table_13
                0x00000050        0x4 src/ASF/avr32/drivers/intc/intc.o
 .bss._int_line_handler_table_14
                0x00000054        0xc src/ASF/avr32/drivers/intc/intc.o
 .bss._int_line_handler_table_15
                0x00000060        0x4 src/ASF/avr32/drivers/intc/intc.o
 .bss._int_line_handler_table_16
                0x00000064        0x4 src/ASF/avr32/drivers/intc/intc.o
 .bss._int_line_handler_table_17
                0x00000068        0x4 src/ASF/avr32/drivers/intc/intc.o
 .bss._int_line_handler_table_18
                0x0000006c        0x4 src/ASF/avr32/drivers/intc/intc.o
 .bss._int_line_handler_table_19
                0x00000070        0x4 src/ASF/avr32/drivers/intc/intc.o
 .bss._int_line_handler_table_0
                0x00000074        0x4 src/ASF/avr32/drivers/intc/intc.o
 .bss._int_line_handler_table_1
                0x00000078       0x2c src/ASF/avr32/drivers/intc/intc.o
 .bss._int_line_handler_table_2
                0x000000a4       0x38 src/ASF/avr32/drivers/intc/intc.o
 .bss._int_line_handler_table_3
                0x000000dc       0x3c src/ASF/avr32/drivers/intc/intc.o
 .bss._int_line_handler_table_4
                0x00000118        0x4 src/ASF/avr32/drivers/intc/intc.o
 .bss._int_line_handler_table_5
                0x0000011c        0x4 src/ASF/avr32/drivers/intc/intc.o
 .bss.current_char
                0x00000120        0x2 src/dip204_example.o
                0x00000120                current_char
 *(COMMON)
 COMMON         0x00000122        0x2 src/dip204_example.o
                0x00000122                display
                0x00000128                . = ALIGN (0x8)
 *fill*         0x00000124        0x4 
                0x00000128                . = ALIGN (0x8)
                0x00000128                _end = .
                0x00000128                PROVIDE (end, .)
                0x00000128                __heap_start__ = ALIGN (0x8)

.heap           0x00000128     0xeed8
 *(.heap)
                0x0000eed8                . = (__heap_size__ == __max_heap_size__)?(((ORIGIN (INTRAM) + 0xfffc) - __stack_size__) - ABSOLUTE (.)):__heap_size__
 *fill*         0x00000128     0xeed8 
                0x0000f000                __heap_end__ = .

.stab
 *(.stab)

.stabstr
 *(.stabstr)

.stab.excl
 *(.stab.excl)

.stab.exclstr
 *(.stab.exclstr)

.stab.index
 *(.stab.index)

.stab.indexstr
 *(.stab.indexstr)

.comment        0x00000000       0x30
 *(.comment)
 .comment       0x00000000       0x30 src/ASF/avr32/components/display/dip204/dip204.o
                                 0x31 (size before relaxing)
 .comment       0x00000000       0x31 src/ASF/avr32/drivers/gpio/gpio.o
 .comment       0x00000000       0x31 src/ASF/avr32/drivers/intc/intc.o
 .comment       0x00000000       0x31 src/ASF/avr32/drivers/pm/pm.o
 .comment       0x00000000       0x31 src/ASF/avr32/drivers/pwm/pwm.o
 .comment       0x00000000       0x31 src/ASF/avr32/drivers/spi/spi.o
 .comment       0x00000000       0x31 src/dip204_example.o

.debug
 *(.debug)

.line
 *(.line)

.debug_srcinfo
 *(.debug_srcinfo)

.debug_sfnames
 *(.debug_sfnames)

.debug_aranges  0x00000000      0x4f8
 *(.debug_aranges)
 .debug_aranges
                0x00000000       0x98 src/ASF/avr32/components/display/dip204/dip204.o
 .debug_aranges
                0x00000098      0x100 src/ASF/avr32/drivers/gpio/gpio.o
 .debug_aranges
                0x00000198       0x20 src/ASF/avr32/drivers/intc/exception.o
 .debug_aranges
                0x000001b8       0x38 src/ASF/avr32/drivers/intc/intc.o
 .debug_aranges
                0x000001f0      0x190 src/ASF/avr32/drivers/pm/pm.o
 .debug_aranges
                0x00000380       0x48 src/ASF/avr32/drivers/pwm/pwm.o
 .debug_aranges
                0x000003c8       0xa8 src/ASF/avr32/drivers/spi/spi.o
 .debug_aranges
                0x00000470       0x28 src/ASF/avr32/utils/startup/startup_uc3.o
 .debug_aranges
                0x00000498       0x20 src/ASF/avr32/utils/startup/trampoline_uc3.o
 .debug_aranges
                0x000004b8       0x40 src/dip204_example.o

.debug_pubnames
                0x00000000      0xb34
 *(.debug_pubnames)
 .debug_pubnames
                0x00000000      0x114 src/ASF/avr32/components/display/dip204/dip204.o
 .debug_pubnames
                0x00000114      0x330 src/ASF/avr32/drivers/gpio/gpio.o
 .debug_pubnames
                0x00000444       0x62 src/ASF/avr32/drivers/intc/intc.o
 .debug_pubnames
                0x000004a6      0x3ee src/ASF/avr32/drivers/pm/pm.o
 .debug_pubnames
                0x00000894       0x9a src/ASF/avr32/drivers/pwm/pwm.o
 .debug_pubnames
                0x0000092e      0x178 src/ASF/avr32/drivers/spi/spi.o
 .debug_pubnames
                0x00000aa6       0x8e src/dip204_example.o

.debug_info     0x00000000     0x76ee
 *(.debug_info .gnu.linkonce.wi.*)
 .debug_info    0x00000000     0x1419 src/ASF/avr32/components/display/dip204/dip204.o
 .debug_info    0x00001419      0xb1b src/ASF/avr32/drivers/gpio/gpio.o
 .debug_info    0x00001f34       0xa3 src/ASF/avr32/drivers/intc/exception.o
 .debug_info    0x00001fd7      0x5b3 src/ASF/avr32/drivers/intc/intc.o
 .debug_info    0x0000258a     0x1a59 src/ASF/avr32/drivers/pm/pm.o
 .debug_info    0x00003fe3      0xa08 src/ASF/avr32/drivers/pwm/pwm.o
 .debug_info    0x000049eb     0x1090 src/ASF/avr32/drivers/spi/spi.o
 .debug_info    0x00005a7b       0xa2 src/ASF/avr32/utils/startup/startup_uc3.o
 .debug_info    0x00005b1d       0xa9 src/ASF/avr32/utils/startup/trampoline_uc3.o
 .debug_info    0x00005bc6     0x1b28 src/dip204_example.o

.debug_abbrev   0x00000000     0x10ee
 *(.debug_abbrev)
 .debug_abbrev  0x00000000      0x2da src/ASF/avr32/components/display/dip204/dip204.o
 .debug_abbrev  0x000002da      0x28b src/ASF/avr32/drivers/gpio/gpio.o
 .debug_abbrev  0x00000565       0x14 src/ASF/avr32/drivers/intc/exception.o
 .debug_abbrev  0x00000579      0x1f2 src/ASF/avr32/drivers/intc/intc.o
 .debug_abbrev  0x0000076b      0x2d1 src/ASF/avr32/drivers/pm/pm.o
 .debug_abbrev  0x00000a3c      0x19d src/ASF/avr32/drivers/pwm/pwm.o
 .debug_abbrev  0x00000bd9      0x281 src/ASF/avr32/drivers/spi/spi.o
 .debug_abbrev  0x00000e5a       0x12 src/ASF/avr32/utils/startup/startup_uc3.o
 .debug_abbrev  0x00000e6c       0x14 src/ASF/avr32/utils/startup/trampoline_uc3.o
 .debug_abbrev  0x00000e80      0x26e src/dip204_example.o

.debug_line     0x00000000     0x4160
 *(.debug_line)
 .debug_line    0x00000000      0xb5c src/ASF/avr32/components/display/dip204/dip204.o
 .debug_line    0x00000b5c      0x93a src/ASF/avr32/drivers/gpio/gpio.o
 .debug_line    0x00001496      0x109 src/ASF/avr32/drivers/intc/exception.o
 .debug_line    0x0000159f      0x707 src/ASF/avr32/drivers/intc/intc.o
 .debug_line    0x00001ca6      0xa3d src/ASF/avr32/drivers/pm/pm.o
 .debug_line    0x000026e3      0x739 src/ASF/avr32/drivers/pwm/pwm.o
 .debug_line    0x00002e1c      0x844 src/ASF/avr32/drivers/spi/spi.o
 .debug_line    0x00003660       0xf2 src/ASF/avr32/utils/startup/startup_uc3.o
 .debug_line    0x00003752       0x67 src/ASF/avr32/utils/startup/trampoline_uc3.o
 .debug_line    0x000037b9      0x9a7 src/dip204_example.o

.debug_frame    0x00000000      0xa54
 *(.debug_frame)
 .debug_frame   0x00000000      0x1e4 src/ASF/avr32/components/display/dip204/dip204.o
 .debug_frame   0x000001e4      0x204 src/ASF/avr32/drivers/gpio/gpio.o
 .debug_frame   0x000003e8       0x64 src/ASF/avr32/drivers/intc/intc.o
 .debug_frame   0x0000044c      0x390 src/ASF/avr32/drivers/pm/pm.o
 .debug_frame   0x000007dc       0x70 src/ASF/avr32/drivers/pwm/pwm.o
 .debug_frame   0x0000084c      0x158 src/ASF/avr32/drivers/spi/spi.o
 .debug_frame   0x000009a4       0xb0 src/dip204_example.o

.debug_str      0x00000000     0x19f1
 *(.debug_str)
 .debug_str     0x00000000      0x5ce src/ASF/avr32/components/display/dip204/dip204.o
                                0x652 (size before relaxing)
 .debug_str     0x000005ce      0x421 src/ASF/avr32/drivers/gpio/gpio.o
                                0x53f (size before relaxing)
 .debug_str     0x000009ef      0x37d src/ASF/avr32/drivers/intc/intc.o
                                0x493 (size before relaxing)
 .debug_str     0x00000d6c      0x7c1 src/ASF/avr32/drivers/pm/pm.o
                                0x9ab (size before relaxing)
 .debug_str     0x0000152d      0x16c src/ASF/avr32/drivers/pwm/pwm.o
                                0x34d (size before relaxing)
 .debug_str     0x00001699      0x289 src/ASF/avr32/drivers/spi/spi.o
                                0x578 (size before relaxing)
 .debug_str     0x00001922       0xcf src/dip204_example.o
                                0x84a (size before relaxing)

.debug_loc      0x00000000     0x14fb
 *(.debug_loc)
 .debug_loc     0x00000000      0x613 src/ASF/avr32/components/display/dip204/dip204.o
 .debug_loc     0x00000613      0x368 src/ASF/avr32/drivers/gpio/gpio.o
 .debug_loc     0x0000097b       0xd3 src/ASF/avr32/drivers/intc/intc.o
 .debug_loc     0x00000a4e      0x559 src/ASF/avr32/drivers/pm/pm.o
 .debug_loc     0x00000fa7       0xb4 src/ASF/avr32/drivers/pwm/pwm.o
 .debug_loc     0x0000105b      0x3bd src/ASF/avr32/drivers/spi/spi.o
 .debug_loc     0x00001418       0xe3 src/dip204_example.o

.debug_macinfo  0x00000000   0x671028
 *(.debug_macinfo)
 .debug_macinfo
                0x00000000    0xeea85 src/ASF/avr32/components/display/dip204/dip204.o
 .debug_macinfo
                0x000eea85    0xea8bf src/ASF/avr32/drivers/gpio/gpio.o
 .debug_macinfo
                0x001d9344    0xea96c src/ASF/avr32/drivers/intc/intc.o
 .debug_macinfo
                0x002c3cb0    0xea729 src/ASF/avr32/drivers/pm/pm.o
 .debug_macinfo
                0x003ae3d9    0xea794 src/ASF/avr32/drivers/pwm/pwm.o
 .debug_macinfo
                0x00498b6d    0xea70d src/ASF/avr32/drivers/spi/spi.o
 .debug_macinfo
                0x0058327a    0xeddae src/dip204_example.o

.debug_weaknames
 *(.debug_weaknames)

.debug_funcnames
 *(.debug_funcnames)

.debug_typenames
 *(.debug_typenames)

.debug_varnames
 *(.debug_varnames)

.stack          0x0000f000     0x1000
                0x0000f000                _stack = .
 *(.stack)
                0x00001000                . = __stack_size__
 *fill*         0x0000f000     0x1000 
                0x00010000                _estack = .

.userpage
 *(.userpage .userpage.*)

/DISCARD/
 *(.note.GNU-stack)
OUTPUT(DIP204_EXAMPLE1.elf elf32-avr32)

.debug_ranges   0x00000000      0x5b0
 .debug_ranges  0x00000000      0x1b0 src/ASF/avr32/components/display/dip204/dip204.o
 .debug_ranges  0x000001b0       0xf8 src/ASF/avr32/drivers/gpio/gpio.o
 .debug_ranges  0x000002a8       0x48 src/ASF/avr32/drivers/intc/intc.o
 .debug_ranges  0x000002f0      0x188 src/ASF/avr32/drivers/pm/pm.o
 .debug_ranges  0x00000478       0x40 src/ASF/avr32/drivers/pwm/pwm.o
 .debug_ranges  0x000004b8       0xa0 src/ASF/avr32/drivers/spi/spi.o
 .debug_ranges  0x00000558       0x20 src/ASF/avr32/utils/startup/startup_uc3.o
 .debug_ranges  0x00000578       0x38 src/dip204_example.o
